// Jest Snapshot v1, https://goo.gl/fbAQLP

exports[`<HelloBoxComponent> should render 1`] = `
<div>
  <h1>
    Hello 
    John
     and Doe
    !
  </h1>
  <div
    class="MuiStack-root css-1oxswqj-MuiStack-root"
  >
    <button
      class="MuiButtonBase-root MuiButton-root MuiButton-contained MuiButton-containedPrimary MuiButton-sizeMedium MuiButton-containedSizeMedium MuiButton-colorPrimary MuiButton-root MuiButton-contained MuiButton-containedPrimary MuiButton-sizeMedium MuiButton-containedSizeMedium MuiButton-colorPrimary css-1abvrni-MuiButtonBase-root-MuiButton-root"
      tabindex="0"
      type="button"
    >
      Click Me!
    </button>
    <button
      class="MuiButtonBase-root MuiButton-root MuiButton-contained MuiButton-containedPrimary MuiButton-sizeMedium MuiButton-containedSizeMedium MuiButton-colorPrimary MuiButton-root MuiButton-contained MuiButton-containedPrimary MuiButton-sizeMedium MuiButton-containedSizeMedium MuiButton-colorPrimary css-1abvrni-MuiButtonBase-root-MuiButton-root"
      tabindex="0"
      type="button"
    >
      Click Me Too!
    </button>
  </div>
</div>
`;
